<html>
<body>
<pre>
<h1>µVision Build Log</h1>
<h2>Tool Versions:</h2>
IDE-Version: ¦ÌVision V5.30.0.0
Copyright (C) 2020 ARM Ltd and ARM Germany GmbH. All rights reserved.
License Information: Ghost White, 123, LIC=BUURY-IYMA8-CXHU6-D98B9-CLL2Z-PACWA
 
Tool Versions:
Toolchain:       MDK-ARM Plus  Version: 5.30.0.0
Toolchain Path:  D:\Software\keil\keil\ARM\ARMCC\Bin
C Compiler:      Armcc.exe V5.06 update 6 (build 750)
Assembler:       Armasm.exe V5.06 update 6 (build 750)
Linker/Locator:  ArmLink.exe V5.06 update 6 (build 750)
Library Manager: ArmAr.exe V5.06 update 6 (build 750)
Hex Converter:   FromElf.exe V5.06 update 6 (build 750)
CPU DLL:         SARM.DLL V5.30.0.0
Dialog DLL:      DARMSS9.DLL V1.9.0.0
Target DLL:      UL2ARM.DLL V1.74.14.0
Dialog DLL:      TARMSS9.DLL V1.8.0.0
 
<h2>Project:</h2>
C:\Users\123\Desktop\arm_exps\exp3\exp3.uvproj
Project File Date:  05/30/2023

<h2>Output:</h2>
*** Using Compiler 'V5.06 update 6 (build 750)', folder: 'D:\Software\keil\keil\ARM\ARMCC\Bin'
Build target 'Target 1'
assembling test.s...
linking...
Program Size: Code=92 RO-data=0 RW-data=0 ZI-data=0  
".\Objects\exp3.axf" - 0 Error(s), 0 Warning(s).
Build Time Elapsed:  00:00:00
</pre>
</body>
</html>
